intrman_IMPORTS_start
I_CpuSuspendIntr
I_CpuResumeIntr
intrman_IMPORTS_end

loadcore_IMPORTS_start
I_GetLoadcoreInternalData
I_RegisterLibraryEntries
loadcore_IMPORTS_end

stdio_IMPORTS_start
I_printf
stdio_IMPORTS_end

sysclib_IMPORTS_start
I_memcpy
I_memset
I_strlen
I_strcpy
sysclib_IMPORTS_end

thbase_IMPORTS_start
I_CreateThread
I_StartThread
I_GetThreadId
I_DeleteThread
thbase_IMPORTS_end

sifcmd_IMPORTS_start
I_sceSifInitRpc
I_sceSifSetRpcQueue
I_sceSifRegisterRpc
I_sceSifRpcLoop
I_sceSifGetOtherData
sifcmd_IMPORTS_end

xmcman_IMPORTS_start
I_nmConquestPageErase
I_nmConquestPageRead
I_nmConquestPageWrite
I_nmConquestAuthCard
//not used by the original soulcalibur2 MCSERV, but it won't hurt
I_McGetCardSpec
I_McEraseBlock2
xmcman_IMPORTS_end
